---
source: compiler-core/src/language_server/tests/action.rs
expression: "public fn main() {\n    let assert [wibble] = {\n        let assert Ok(wobble) = {\n            Ok(1)\n        }\n        [wobble]\n    }\n}"
snapshot_kind: text
---
----- BEFORE ACTION
public fn main() {
    let assert [wibble] = {
                 ▔▔▔▔▔▔▔↑  
        let assert Ok(wobble) = {
            Ok(1)
        }
        [wobble]
    }
}


----- AFTER ACTION
public fn main() {
    let wibble = case {
        let assert Ok(wobble) = {
            Ok(1)
        }
        [wobble]
    } {
      [wibble] -> wibble
      _ -> panic
    }
}
