---
source: compiler-core/src/language_server/tests/action.rs
expression: "public fn main() {\n  fn() {\n    echo 1\n    echo \"wibble\"\n    Nil\n  }\n}"
snapshot_kind: text
---
----- BEFORE ACTION
public fn main() {
  fn() {
    echo 1
    ↑     
    echo "wibble"
    Nil
  }
}


----- AFTER ACTION
public fn main() {
  fn() {
    Nil
  }
}
