---
source: compiler-core/src/language_server/tests/action.rs
expression: "public fn main() {\n  let twelve = \"1\" <> \"2\"\n}"
snapshot_kind: text
---
----- BEFORE ACTION
public fn main() {
  let twelve = "1" <> "2"
                   ↑     
}


----- AFTER ACTION
const string = "1" <> "2"

public fn main() {
  let twelve = string
}
