---
source: compiler-core/src/language_server/tests/completion.rs
expression: "\nimport wibble.{Wobble}\n\ntype Wibble {\n  Wibble\n}\n\nconst pi = 3.14159\n\nfn some_function() {\n  todo\n}\n\nconst my_constant = a\n"
snapshot_kind: text
---
import wibble.{Wobble}

type Wibble {
  Wibble
}

const pi = 3.14159

fn some_function() {
  todo
}

const my_constant = a|


----- Completion content -----
