---
source: compiler-core/src/language_server/tests/action.rs
expression: "public fn main() {\n  [#(0.25, 0.75), #(0.5, 1.5)]\n}"
snapshot_kind: text
---
----- BEFORE ACTION
public fn main() {
  [#(0.25, 0.75), #(0.5, 1.5)]
   ▔↑                         
}


----- AFTER ACTION
const value = #(0.25, 0.75)

public fn main() {
  [value, #(0.5, 1.5)]
}
