---
source: compiler-core/src/language_server/tests/completion.rs
expression: "\npub fn main() {\n  let add_one = fn(wibble: Int) { wibble + 1 }\n  let wobble = 1\n  w\n}\n"
snapshot_kind: text
---
pub fn main() {
  let add_one = fn(wibble: Int) { wibble + 1 }
  let wobble = 1
  w|
}


----- Completion content -----
