---
source: compiler-core/src/language_server/tests/completion.rs
expression: "\npub type Wibble {\n  Wibble(wibble: String, wobble: Int)\n}\n\nfn fun() { // completion inside parens below includes labels\n  let wibble = Wibble()\n}\n"
snapshot_kind: text
---
pub type Wibble {
  Wibble(wibble: String, wobble: Int)
}

fn fun() { // completion inside parens below includes labels
  let wibble = Wibble(|)
}


----- Completion content -----
