---
source: compiler-core/src/language_server/tests/action.rs
expression: "public fn main() {\n  let b = <<\"arr\":utf32>>\n}"
snapshot_kind: text
---
----- BEFORE ACTION
public fn main() {
  let b = <<"arr":utf32>>
                  ▔▔▔▔▔▔↑
}


----- AFTER ACTION
const bit_array = <<"arr":utf32>>

public fn main() {
  let b = bit_array
}
