---
source: compiler-core/src/language_server/tests/action.rs
expression: "public fn main() {\n  let c = #(0.333334, todo)\n}"
snapshot_kind: text
---
----- BEFORE ACTION
public fn main() {
  let c = #(0.333334, todo)
            ▔▔▔▔▔▔▔↑       
}


----- AFTER ACTION
const float = 0.333334

public fn main() {
  let c = #(float, todo)
}
