---
source: compiler-core/src/language_server/tests/action.rs
expression: "public fn main() {\n  let c = #([1, 2, 3], [3, 2, 1])\n}"
snapshot_kind: text
---
----- BEFORE ACTION
public fn main() {
  let c = #([1, 2, 3], [3, 2, 1])
            ↑                    
}


----- AFTER ACTION
const ints = [1, 2, 3]

public fn main() {
  let c = #(ints, [3, 2, 1])
}
