---
source: compiler-core/src/language_server/tests/action.rs
expression: "public fn main() {\n  let #(one, two, three) = #(\"one\", \"two\", \"three\")\n}"
snapshot_kind: text
---
----- BEFORE ACTION
public fn main() {
  let #(one, two, three) = #("one", "two", "three")
                           ▔↑                      
}


----- AFTER ACTION
const value = #("one", "two", "three")

public fn main() {
  let #(one, two, three) = value
}
