---
source: compiler-core/src/language_server/tests/action.rs
expression: "public fn go(n: Int) {\n  case n {\n    1 -> n\n    2 -> n\n    _ -> panic as \"neither one nor two\"\n  }\n  }"
snapshot_kind: text
---
----- BEFORE ACTION
public fn go(n: Int) {
  case n {
    1 -> n
    ▔▔▔▔▔▔
    2 -> n
▔▔▔▔↑     
    _ -> panic as "neither one nor two"
  }
  }


----- AFTER ACTION
public fn go(n: Int) {
  case n {
    1 | 2 -> n
    _ -> panic as "neither one nor two"
  }
  }
