---
source: compiler-core/src/language_server/tests/completion.rs
expression: "\npub fn main() {\n  case todo {\n    something -> Nil\n    something_else -> s\n  }\n  s\n}\n"
snapshot_kind: text
---
pub fn main() {
  case todo {
    something -> Nil
    something_else -> s|
  }
  s
}


----- Completion content -----
