---
source: compiler-core/src/language_server/tests/action.rs
expression: "public fn main() {\n  let c = [\"constant\", todo]\n}"
snapshot_kind: text
---
----- BEFORE ACTION
public fn main() {
  let c = ["constant", todo]
           ↑                
}


----- AFTER ACTION
const string = "constant"

public fn main() {
  let c = [string, todo]
}
