---
source: compiler-core/src/language_server/tests/action.rs
expression: "public fn main() {\n  [#(\"a\", 0), #(\"b\", 1), #(\"a\", 2)]\n  |> key_filter(\"a\")\n}"
snapshot_kind: text
---
----- BEFORE ACTION
public fn main() {
  [#("a", 0), #("b", 1), #("a", 2)]
  ↑                                
  |> key_filter("a")
}


----- AFTER ACTION
const values = [#("a", 0), #("b", 1), #("a", 2)]

public fn main() {
  values
  |> key_filter("a")
}
