---
source: compiler-core/src/language_server/tests/completion.rs
expression: "\npub fn main() {\n  let add_one = fn(wibble: Int) {\n    let wabble = 1\n    let add_two = fn(wobble: Int) { wobble + 2 }\n    wibble + add_two(1)\n  }\n  add_one(1)\n}\n"
snapshot_kind: text
---
pub fn main() {
  let add_one = fn(wibble: Int) {
    let wabble = 1
    let add_two = fn(wobble: Int) { wobble| + 2 }
    wibble + add_two(1)
  }
  add_one(1)
}


----- Completion content -----
