---
source: compiler-core/src/language_server/tests/action.rs
expression: "public fn main() {\n    let assert \"prefix\" as thePrefix <> _suffix = \"prefix-suffix\"\n}"
snapshot_kind: text
---
----- BEFORE ACTION
public fn main() {
    let assert "prefix" as thePrefix <> _suffix = "prefix-suffix"
                ▔▔▔▔▔▔▔▔▔▔▔▔▔▔▔▔▔▔▔▔▔▔▔▔▔▔▔▔▔▔▔▔▔▔▔▔▔▔▔▔▔↑       
}


----- AFTER ACTION
public fn main() {
    let assert "prefix" as the_prefix <> _suffix = "prefix-suffix"
}
