---
source: compiler-core/src/language_server/tests/action.rs
expression: "public fn main() {\n  let assert \"_\" <> thing = \"_Hello\"\n}"
snapshot_kind: text
---
----- BEFORE ACTION
public fn main() {
  let assert "_" <> thing = "_Hello"
              ↑                     
}


----- AFTER ACTION
public fn main() {
  let thing = case "_Hello" {
    "_" <> thing -> thing
    _ -> panic
  }
}
