---
source: compiler-core/src/language_server/tests/completion.rs
expression: "\nfn add_one(wibble: Int) -> Int {\n  wibble + 1\n}\n\npub fn main() {\n  let wobble = 1\n  add_one(wobble)\n}\n"
snapshot_kind: text
---
fn add_one(wibble: Int) -> Int {
  wibble + 1
}

pub fn main() {
  let wobble = 1
  add_one(wobble|)
}


----- Completion content -----
