---
source: compiler-core/src/language_server/tests/action.rs
expression: "public fn main() {\n    let assert \"prefix\" <> coolSuffix = \"prefix-suffix\"\n}"
snapshot_kind: text
---
----- BEFORE ACTION
public fn main() {
    let assert "prefix" <> coolSuffix = "prefix-suffix"
                        ▔▔▔▔▔▔▔▔▔▔▔▔▔▔▔▔▔▔▔▔▔▔▔↑       
}


----- AFTER ACTION
public fn main() {
    let assert "prefix" <> cool_suffix = "prefix-suffix"
}
