---
source: compiler-core/src/language_server/tests/action.rs
expression: "public fn main() {\n  echo 1 + 2\n    // Hello!\n    as \"message\"\n}"
snapshot_kind: text
---
----- BEFORE ACTION
public fn main() {
  echo 1 + 2
  ↑         
    // Hello!
    as "message"
}


----- AFTER ACTION
public fn main() {
  1 + 2
}
