---
source: compiler-core/src/parse/tests.rs
expression: "@go_faster()\npublic fn main() { 1 }"
snapshot_kind: text
---
----- SOURCE CODE
@go_faster()
public fn main() { 1 }

----- ERROR
error: Syntax error
  ┌─ /src/parse/error.gleam:1:1
  │
1 │ @go_faster()
  │ ^^^^^^^^^^ I don't recognise this attribute

Hint: Try `deprecated`, `external` or `target` instead.
