---
source: compiler-core/src/parse/tests.rs
expression: "\npublic type A() {\n  A(Int)\n}\n"
snapshot_kind: text
---
----- SOURCE CODE

public type A() {
  A(Int)
}


----- ERROR
error: Syntax error
  ┌─ /src/parse/error.gleam:2:14
  │
2 │ public type A() {
  │              ^^ I was expecting generic parameters here

A generic type must have at least a generic parameter.
Hint: If a type is not generic you should omit the `()`.
